============================================================
气象数据质量报告
============================================================

1. 数据概况
----------------------------------------
生成时间: 2026-03-06 19:44:46
原始数据形状: (100, 2)
清洗后数据形状: (100, 2)
数据列: timestamp, temperature

2. 基础统计分析
----------------------------------------

raw_data:
  count: 95
  mean: 21.163370477367856
  std: 9.393970013720544
  min: 5.74321718483051
  max: 100.0
  25%: 17.78033681624938
  50%: 21.37940385274038
  75%: 23.725576451863866

cleaned_data:
  count: 100
  mean: 21.10174579641397
  std: 9.160216188312756
  min: 5.74321718483051
  max: 100.0
  25%: 17.85311438315042
  50%: 21.29829261111149
  75%: 23.715973724376926

3. 缺失值分析
----------------------------------------

原始数据:
  total_missing: 5
  missing_rate: 0.05
  missing_percentage: 5.00%
  gap_count: 1
  max_gap_length: 5
  avg_gap_length: 5.0

清洗后数据:
  total_missing: 0
  missing_rate: 0.0
  missing_percentage: 0.00%
  gap_count: 0
  max_gap_length: 0
  avg_gap_length: 0

处理摘要:
  missing_fixed: 5
  missing_remaining: 0
  improvement_percentage: 100.00%

4. 异常值分析
----------------------------------------
  count: 1
  rate: 0.01
  percentage: 1.00%
检测方法: 3σ原则检测

============================================================
报告结束
============================================================
